******************************************************************************
                  TI ARM Linker PC v20.2.7                     
******************************************************************************
>> Linked Sat Nov 30 02:00:29 2024

OUTPUT FILE NAME:   <rfid.2.out>
ENTRY POINT SYMBOL: "_c_int00_noargs"  address: 00003b79


MEMORY CONFIGURATION

         name            origin    length      used     unused   attr    fill
----------------------  --------  ---------  --------  --------  ----  --------
  FLASH                 00000000   00040000  00004224  0003bddc  R  X
  SRAM                  20000000   00008000  00000494  00007b6c  RW X


SEGMENT ALLOCATION MAP

run origin  load origin   length   init length attrs members
----------  ----------- ---------- ----------- ----- -------
00000000    00000000    00004228   00004228    r-x
  00000000    00000000    0000026c   0000026c    r-- .intvecs
  0000026c    0000026c    000039a8   000039a8    r-x .text
  00003c14    00003c14    000005d0   000005d0    r-- .const
  000041e8    000041e8    00000040   00000040    r-- .cinit
20000000    20000000    00000499   00000000    rw-
  20000000    20000000    0000026c   00000000    rw- .vtable
  20000270    20000270    00000200   00000000    rw- .stack
  20000470    20000470    0000001b   00000000    rw- .bss
  2000048c    2000048c    0000000d   00000000    rw- .data


SECTION ALLOCATION MAP

 output                                  attributes/
section   page    origin      length       input sections
--------  ----  ----------  ----------   ----------------
.intvecs   0    00000000    0000026c     
                  00000000    0000026c     tm4c123gh6pm_startup_ccs.obj (.intvecs)

.text      0    0000026c    000039a8     
                  0000026c    00000ef4     sysctl.obj (.text)
                  00001160    00000b88     gpio.obj (.text)
                  00001ce8    0000073a     rfid.obj (.text)
                  00002422    00000002     rtsv7M4_T_le_v4SPD16_eabi.lib : div0.asm.obj (.text)
                  00002424    00000618     uart.obj (.text)
                  00002a3c    0000049c     uartstdio.obj (.text)
                  00002ed8    000003c0     interrupt.obj (.text)
                  00003298    00000358     main.obj (.text)
                  000035f0    00000346     ssi.obj (.text)
                  00003936    0000009c     rtsv7M4_T_le_v4SPD16_eabi.lib : memcpy_t2.asm.obj (.text)
                  000039d2    0000007a                                   : memset_t2.asm.obj (.text)
                  00003a4c    00000068                                   : copy_decompress_lzss.c.obj (.text:decompress:lzss:__TI_decompress_lzss)
                  00003ab4    00000044                                   : autoinit.c.obj (.text:__TI_auto_init_nobinit_nopinit:__TI_auto_init_nobinit_nopinit)
                  00003af8    00000040                                   : u_divt2.asm.obj (.text)
                  00003b38    0000003e     cpu.obj (.text)
                  00003b76    00000002     --HOLE-- [fill = 0]
                  00003b78    00000034     rtsv7M4_T_le_v4SPD16_eabi.lib : boot_cortex_m.c.obj (.text:_c_int00_noargs:_c_int00_noargs)
                  00003bac    00000024                                   : memcmp.c.obj (.text:memcmp)
                  00003bd0    0000001c                                   : copy_zero_init.c.obj (.text:decompress:ZI:__TI_zero_init_nomemset:__TI_zero_init_nomemset)
                  00003bec    0000000e                                   : copy_decompress_none.c.obj (.text:decompress:none:__TI_decompress_none)
                  00003bfa    0000000c     tm4c123gh6pm_startup_ccs.obj (.text)
                  00003c06    00000006     sysctl.obj (.text:SysCtlDelay)
                  00003c0c    00000004     rtsv7M4_T_le_v4SPD16_eabi.lib : pre_init.c.obj (.text:_system_pre_init)
                  00003c10    00000004                                   : exit.c.obj (.text:abort:abort)

.const     0    00003c14    000005d0     
                  00003c14    00000120     sysctl.obj (.const:g_pppui32XTALtoVCO)
                  00003d34    000000c0     gpio.obj (.const:g_ppui32GPIOIntMapBlizzard)
                  00003df4    000000c0     gpio.obj (.const:g_ppui32GPIOIntMapSnowflake)
                  00003eb4    0000009c     interrupt.obj (.const:g_pui32Regs)
                  00003f50    00000090     gpio.obj (.const:g_pui32GPIOBaseAddrs)
                  00003fe0    0000006c     sysctl.obj (.const:g_pui32Xtals)
                  0000404c    00000040     uart.obj (.const:g_ppui32UARTIntMap)
                  0000408c    00000040     uart.obj (.const:g_ppui32UARTIntMapSnowflake)
                  000040cc    00000030     sysctl.obj (.const:g_sXTALtoMEMTIM)
                  000040fc    00000020     ssi.obj (.const:g_ppui32SSIIntMap)
                  0000411c    00000020     ssi.obj (.const:g_ppui32SSIIntMapSnowflake)
                  0000413c    00000020     interrupt.obj (.const:g_pui32Priority)
                  0000415c    00000014     interrupt.obj (.const:g_pui32Dii16Regs)
                  00004170    00000014     interrupt.obj (.const:g_pui32EnRegs)
                  00004184    00000014     interrupt.obj (.const:g_pui32PendRegs)
                  00004198    00000014     interrupt.obj (.const:g_pui32UnpendRegs)
                  000041ac    00000012     uartstdio.obj (.const:.string)
                  000041be    00000002     --HOLE-- [fill = 0]
                  000041c0    0000000c     uartstdio.obj (.const:g_ui32UARTBase)
                  000041cc    0000000c     uartstdio.obj (.const:g_ui32UARTPeriph)
                  000041d8    00000008     sysctl.obj (.const:g_pui32VCOFrequencies)
                  000041e0    00000004     uartstdio.obj (.const)

.cinit     0    000041e8    00000040     
                  000041e8    0000000c     (__TI_handler_table)
                  000041f4    00000004     --HOLE-- [fill = 0]
                  000041f8    00000008     (.cinit..bss.load) [load image, compression = zero_init]
                  00004200    00000008     (.cinit..vtable.load) [load image, compression = zero_init]
                  00004208    00000007     (.cinit..data.load) [load image, compression = lzss]
                  0000420f    00000001     --HOLE-- [fill = 0]
                  00004210    00000018     (__TI_cinit_table)

.init_array 
*          0    00000000    00000000     UNINITIALIZED

.vtable    0    20000000    0000026c     UNINITIALIZED
                  20000000    0000026c     interrupt.obj (.vtable)

.bss       0    20000470    0000001b     UNINITIALIZED
                  20000470    00000010     (.common:str)
                  20000480    00000008     (.common:cardID)
                  20000488    00000001     (.common:AntennaGain)
                  20000489    00000001     (.common:Version)
                  2000048a    00000001     (.common:status)

.data      0    2000048c    0000000d     UNINITIALIZED
                  2000048c    00000005     main.obj (.data:storedCard)
                  20000491    00000001     main.obj (.data)
                  20000492    00000002     --HOLE--
                  20000494    00000005     uartstdio.obj (.data)

.stack     0    20000270    00000200     UNINITIALIZED
                  20000270    00000004     rtsv7M4_T_le_v4SPD16_eabi.lib : boot_cortex_m.c.obj (.stack)
                  20000274    000001fc     --HOLE--

__llvm_prf_cnts 
*          0    20000000    00000000     UNINITIALIZED

MODULE SUMMARY

       Module                         code    ro data   rw data
       ------                         ----    -------   -------
    .\
       sysctl.obj                     3834    452       0      
       gpio.obj                       2952    528       0      
       rfid.obj                       1850    0         0      
       interrupt.obj                  960     268       620    
       uart.obj                       1560    128       0      
       uartstdio.obj                  1180    46        5      
       ssi.obj                        838     64        0      
       main.obj                       856     0         33     
       tm4c123gh6pm_startup_ccs.obj   12      620       0      
       cpu.obj                        62      0         0      
    +--+------------------------------+-------+---------+---------+
       Total:                         14104   2106      658    
                                                               
    C:\ti\ccs1271\ccs\tools\compiler\ti-cgt-arm_20.2.7.LTS\lib\rtsv7M4_T_le_v4SPD16_eabi.lib
       memcpy_t2.asm.obj              156     0         0      
       memset_t2.asm.obj              122     0         0      
       copy_decompress_lzss.c.obj     104     0         0      
       autoinit.c.obj                 68      0         0      
       u_divt2.asm.obj                64      0         0      
       boot_cortex_m.c.obj            52      0         0      
       memcmp.c.obj                   36      0         0      
       copy_zero_init.c.obj           28      0         0      
       copy_decompress_none.c.obj     14      0         0      
       exit.c.obj                     4       0         0      
       pre_init.c.obj                 4       0         0      
       div0.asm.obj                   2       0         0      
    +--+------------------------------+-------+---------+---------+
       Total:                         654     0         0      
                                                               
       Stack:                         0       0         512    
       Linker Generated:              0       59        0      
    +--+------------------------------+-------+---------+---------+
       Grand Total:                   14758   2165      1170   


LINKER GENERATED COPY TABLES

__TI_cinit_table @ 00004210 records: 3, size/record: 8, table size: 24
	.bss: load addr=000041f8, load size=00000008 bytes, run addr=20000470, run size=0000001b bytes, compression=zero_init
	.vtable: load addr=00004200, load size=00000008 bytes, run addr=20000000, run size=0000026c bytes, compression=zero_init
	.data: load addr=00004208, load size=00000007 bytes, run addr=2000048c, run size=0000000d bytes, compression=lzss


LINKER GENERATED HANDLER TABLE

__TI_handler_table @ 000041e8 records: 3, size/record: 4, table size: 12
	index: 0, handler: __TI_zero_init
	index: 1, handler: __TI_decompress_lzss
	index: 2, handler: __TI_decompress_none


GLOBAL SYMBOLS: SORTED ALPHABETICALLY BY Name 

address   name                            
-------   ----                            
20000488  AntennaGain                     
00003c11  C$$EXIT                         
00003b6d  CPUbasepriGet                   
00003b5f  CPUbasepriSet                   
00003b39  CPUcpsid                        
00003b4f  CPUcpsie                        
00003b45  CPUprimask                      
00003b5b  CPUwfi                          
00001cc3  GPIOADCTriggerDisable           
00001ca5  GPIOADCTriggerEnable            
00001c87  GPIODMATriggerDisable           
00001c69  GPIODMATriggerEnable            
0000121b  GPIODirModeGet                  
000011bf  GPIODirModeSet                  
00001783  GPIOIntClear                    
00001747  GPIOIntDisable                  
0000172d  GPIOIntEnable                   
00001797  GPIOIntRegister                 
00001761  GPIOIntStatus                   
0000130b  GPIOIntTypeGet                  
00001267  GPIOIntTypeSet                  
000017b5  GPIOIntUnregister               
000015db  GPIOPadConfigGet                
000013a1  GPIOPadConfigSet                
00001c0b  GPIOPinConfigure                
000017cf  GPIOPinRead                     
00001807  GPIOPinTypeADC                  
0000182b  GPIOPinTypeCAN                  
00001bd7  GPIOPinTypeCIR                  
0000184f  GPIOPinTypeComparator           
00001873  GPIOPinTypeEPI                  
00001897  GPIOPinTypeEthernetLED          
000018bb  GPIOPinTypeEthernetMII          
000018df  GPIOPinTypeGPIOInput            
00001903  GPIOPinTypeGPIOOutput           
00001927  GPIOPinTypeGPIOOutputOD         
0000194b  GPIOPinTypeI2C                  
0000196f  GPIOPinTypeI2CSCL               
00001b8f  GPIOPinTypeKBColumn             
00001b6b  GPIOPinTypeKBRow                
00001993  GPIOPinTypeLCD                  
00001bb3  GPIOPinTypeLEDSeq               
000019b7  GPIOPinTypeLPC                  
000019db  GPIOPinTypePECIRx               
000019ff  GPIOPinTypePECITx               
00001a23  GPIOPinTypePWM                  
00001a47  GPIOPinTypeQEI                  
00001a6b  GPIOPinTypeSSI                  
00001a8f  GPIOPinTypeTimer                
00001ab3  GPIOPinTypeUART                 
00001ad7  GPIOPinTypeUSBAnalog            
00001afb  GPIOPinTypeUSBDigital           
00001b1f  GPIOPinTypeWakeHigh             
00001b45  GPIOPinTypeWakeLow              
00001bfb  GPIOPinWakeStatus               
000017e7  GPIOPinWrite                    
00003299  InitConsole                     
000032d5  InitSSI                         
00003099  IntDisable                      
00003027  IntEnable                       
0000310b  IntIsEnabled                    
00002eeb  IntMasterDisable                
00002edb  IntMasterEnable                 
00003201  IntPendClear                    
00003191  IntPendSet                      
00003003  IntPriorityGet                  
00002f7b  IntPriorityGroupingGet          
00002f61  IntPriorityGroupingSet          
0000325b  IntPriorityMaskGet              
0000324f  IntPriorityMaskSet              
00002fb3  IntPrioritySet                  
00002efb  IntRegister                     
00003263  IntTrigger                      
00002f4d  IntUnregister                   
00001dff  MFRC552_AntennaOff              
00001ddf  MFRC552_AntennaOn               
00002065  MFRC552_Anticoll                
0000220b  MFRC552_Auth                    
000020f5  MFRC552_CalulateCRC             
00001db5  MFRC552_ClearBitMask            
000023ed  MFRC552_Halt                    
00001e17  MFRC552_Init                    
000022c3  MFRC552_ReadBlock               
00001d4d  MFRC552_ReadReg                 
00001e5d  MFRC552_Request                 
00001e0b  MFRC552_Reset                   
00002181  MFRC552_SelectTag               
00001d8b  MFRC552_SetBitMask              
00001ead  MFRC552_ToCard                  
00002317  MFRC552_WriteBlock              
00001d17  MFRC552_WriteReg                
00003bfb  ResetISR                        
00001ce9  SPI_transfer                    
000038b9  SSIAdvDataPutFrameEnd           
000038df  SSIAdvDataPutFrameEndNonBlocking
00003921  SSIAdvFrameHoldDisable          
0000390b  SSIAdvFrameHoldEnable           
0000389d  SSIAdvModeSet                   
00003847  SSIBusy                         
00003879  SSIClockSourceGet               
00003865  SSIClockSourceSet               
0000364f  SSIConfigSetExpClk              
0000382f  SSIDMADisable                   
00003817  SSIDMAEnable                    
000037d9  SSIDataGet                      
000037f5  SSIDataGetNonBlocking           
0000379f  SSIDataPut                      
000037b9  SSIDataPutNonBlocking           
000036f1  SSIDisable                      
000036db  SSIEnable                       
0000378d  SSIIntClear                     
00003757  SSIIntDisable                   
0000373f  SSIIntEnable                    
00003707  SSIIntRegister                  
0000376f  SSIIntStatus                    
00003725  SSIIntUnregister                
000010ff  SysCtlAltClkConfig              
000008d5  SysCtlClockFreqSet              
00000db9  SysCtlClockGet                  
000010e3  SysCtlClockOutConfig            
00000bed  SysCtlClockSet                  
000007d5  SysCtlDeepSleep                 
00000f85  SysCtlDeepSleepClockConfigSet   
00000f67  SysCtlDeepSleepClockSet         
000007b5  SysCtlDeepSleepPowerSet         
00003c07  SysCtlDelay                     
00000363  SysCtlFlashSectorSizeGet        
00000337  SysCtlFlashSizeGet              
0000105b  SysCtlGPIOAHBDisable            
0000103f  SysCtlGPIOAHBEnable             
00000749  SysCtlIntClear                  
00000731  SysCtlIntDisable                
0000071d  SysCtlIntEnable                 
000006f5  SysCtlIntRegister               
00000759  SysCtlIntStatus                 
0000070d  SysCtlIntUnregister             
0000079b  SysCtlLDODeepSleepGet           
0000078b  SysCtlLDODeepSleepSet           
00000785  SysCtlLDOSleepGet               
00000775  SysCtlLDOSleepSet               
0000080b  SysCtlMOSCConfigSet             
000010cf  SysCtlNMIClear                  
000010c9  SysCtlNMIStatus                 
00000821  SysCtlPIOSCCalibrate            
00001029  SysCtlPWMClockGet               
0000100f  SysCtlPWMClockSet               
000006a1  SysCtlPeripheralClockGating     
00000659  SysCtlPeripheralDeepSleepDisable
00000609  SysCtlPeripheralDeepSleepEnable 
00000545  SysCtlPeripheralDisable         
00000509  SysCtlPeripheralEnable          
00000445  SysCtlPeripheralPowerOff        
00000409  SysCtlPeripheralPowerOn         
00000389  SysCtlPeripheralPresent         
000003c9  SysCtlPeripheralReady           
00000481  SysCtlPeripheralReset           
000005cd  SysCtlPeripheralSleepDisable    
00000589  SysCtlPeripheralSleepEnable     
000007c5  SysCtlReset                     
00000881  SysCtlResetBehaviorGet          
00000871  SysCtlResetBehaviorSet          
000007f7  SysCtlResetCauseClear           
000007f1  SysCtlResetCauseGet             
0000032d  SysCtlSRAMSizeGet               
000007cd  SysCtlSleep                     
000007a1  SysCtlSleepPowerSet             
00001089  SysCtlUSBPLLDisable             
00001077  SysCtlUSBPLLEnable              
000010b5  SysCtlVoltageEventClear         
00001099  SysCtlVoltageEventConfig        
000010a9  SysCtlVoltageEventStatus        
000029f5  UART9BitAddrSend                
000029cf  UART9BitAddrSet                 
000029b9  UART9BitDisable                 
000029a3  UART9BitEnable                  
00002847  UARTBreakCtl                    
00002871  UARTBusy                        
000027ef  UARTCharGet                     
000027d3  UARTCharGetNonBlocking          
00002829  UARTCharPut                     
00002805  UARTCharPutNonBlocking          
00002797  UARTCharsAvail                  
00002993  UARTClockSourceGet              
0000297f  UARTClockSourceSet              
00002567  UARTConfigGetExpClk             
000024f1  UARTConfigSetExpClk             
00002945  UARTDMADisable                  
0000292d  UARTDMAEnable                   
000025d7  UARTDisable                     
0000265b  UARTDisableSIR                  
000025b3  UARTEnable                      
0000262d  UARTEnableSIR                   
00002617  UARTFIFODisable                 
00002601  UARTFIFOEnable                  
000024c9  UARTFIFOLevelGet                
000024b1  UARTFIFOLevelSet                
00002757  UARTFlowControlGet              
0000273b  UARTFlowControlSet              
0000291b  UARTIntClear                    
000028e5  UARTIntDisable                  
000028cd  UARTIntEnable                   
0000288f  UARTIntRegister                 
000028fd  UARTIntStatus                   
000028ad  UARTIntUnregister               
000026f1  UARTModemControlClear           
00002715  UARTModemControlGet             
000026b9  UARTModemControlSet             
00002727  UARTModemStatusGet              
0000249f  UARTParityModeGet               
00002483  UARTParityModeSet               
0000296f  UARTRxErrorClear                
0000295d  UARTRxErrorGet                  
000026a3  UARTSmartCardDisable            
00002671  UARTSmartCardEnable             
000027b5  UARTSpaceAvail                  
00002a3d  UARTStdioConfig                 
00002785  UARTTxIntModeGet                
00002769  UARTTxIntModeSet                
00002b83  UARTgetc                        
00002ac9  UARTgets                        
00002ea3  UARTprintf                      
00002ba9  UARTvprintf                     
00002a83  UARTwrite                       
20000489  Version                         
20000470  __STACK_END                     
00000200  __STACK_SIZE                    
20000470  __STACK_TOP                     
00004210  __TI_CINIT_Base                 
00004228  __TI_CINIT_Limit                
000041e8  __TI_Handler_Table_Base         
000041f4  __TI_Handler_Table_Limit        
00003ab5  __TI_auto_init_nobinit_nopinit  
00003a4d  __TI_decompress_lzss            
00003bed  __TI_decompress_none            
ffffffff  __TI_pprof_out_hndl             
ffffffff  __TI_prof_data_size             
ffffffff  __TI_prof_data_start            
00000000  __TI_static_base__              
00003bd1  __TI_zero_init_nomemset         
00002423  __aeabi_idiv0                   
00002423  __aeabi_ldiv0                   
000039d3  __aeabi_memclr                  
000039d3  __aeabi_memclr4                 
000039d3  __aeabi_memclr8                 
00003937  __aeabi_memcpy                  
00003937  __aeabi_memcpy4                 
00003937  __aeabi_memcpy8                 
000039d5  __aeabi_memset                  
000039d5  __aeabi_memset4                 
000039d5  __aeabi_memset8                 
00003af9  __aeabi_uidiv                   
00003af9  __aeabi_uidivmod                
ffffffff  __binit__                       
ffffffff  __c_args__                      
UNDEFED   __mpu_init                      
20000270  __stack                         
20000000  __start___llvm_prf_cnts         
20000000  __stop___llvm_prf_cnts          
00003b79  _c_int00_noargs                 
UNDEFED   _system_post_cinit              
00003c0d  _system_pre_init                
00003c11  abort                           
ffffffff  binit                           
20000480  cardID                          
000034a7  dumpHex                         
20000000  g_pfnRAMVectors                 
00000000  g_pfnVectors                    
00003495  initLeds                        
20000491  isLocked                        
0000334b  main                            
00003bad  memcmp                          
00003937  memcpy                          
000039db  memset                          
2000048a  status                          
2000048c  storedCard                      
20000470  str                             


GLOBAL SYMBOLS: SORTED BY Symbol Address 

address   name                            
-------   ----                            
00000000  __TI_static_base__              
00000000  g_pfnVectors                    
00000200  __STACK_SIZE                    
0000032d  SysCtlSRAMSizeGet               
00000337  SysCtlFlashSizeGet              
00000363  SysCtlFlashSectorSizeGet        
00000389  SysCtlPeripheralPresent         
000003c9  SysCtlPeripheralReady           
00000409  SysCtlPeripheralPowerOn         
00000445  SysCtlPeripheralPowerOff        
00000481  SysCtlPeripheralReset           
00000509  SysCtlPeripheralEnable          
00000545  SysCtlPeripheralDisable         
00000589  SysCtlPeripheralSleepEnable     
000005cd  SysCtlPeripheralSleepDisable    
00000609  SysCtlPeripheralDeepSleepEnable 
00000659  SysCtlPeripheralDeepSleepDisable
000006a1  SysCtlPeripheralClockGating     
000006f5  SysCtlIntRegister               
0000070d  SysCtlIntUnregister             
0000071d  SysCtlIntEnable                 
00000731  SysCtlIntDisable                
00000749  SysCtlIntClear                  
00000759  SysCtlIntStatus                 
00000775  SysCtlLDOSleepSet               
00000785  SysCtlLDOSleepGet               
0000078b  SysCtlLDODeepSleepSet           
0000079b  SysCtlLDODeepSleepGet           
000007a1  SysCtlSleepPowerSet             
000007b5  SysCtlDeepSleepPowerSet         
000007c5  SysCtlReset                     
000007cd  SysCtlSleep                     
000007d5  SysCtlDeepSleep                 
000007f1  SysCtlResetCauseGet             
000007f7  SysCtlResetCauseClear           
0000080b  SysCtlMOSCConfigSet             
00000821  SysCtlPIOSCCalibrate            
00000871  SysCtlResetBehaviorSet          
00000881  SysCtlResetBehaviorGet          
000008d5  SysCtlClockFreqSet              
00000bed  SysCtlClockSet                  
00000db9  SysCtlClockGet                  
00000f67  SysCtlDeepSleepClockSet         
00000f85  SysCtlDeepSleepClockConfigSet   
0000100f  SysCtlPWMClockSet               
00001029  SysCtlPWMClockGet               
0000103f  SysCtlGPIOAHBEnable             
0000105b  SysCtlGPIOAHBDisable            
00001077  SysCtlUSBPLLEnable              
00001089  SysCtlUSBPLLDisable             
00001099  SysCtlVoltageEventConfig        
000010a9  SysCtlVoltageEventStatus        
000010b5  SysCtlVoltageEventClear         
000010c9  SysCtlNMIStatus                 
000010cf  SysCtlNMIClear                  
000010e3  SysCtlClockOutConfig            
000010ff  SysCtlAltClkConfig              
000011bf  GPIODirModeSet                  
0000121b  GPIODirModeGet                  
00001267  GPIOIntTypeSet                  
0000130b  GPIOIntTypeGet                  
000013a1  GPIOPadConfigSet                
000015db  GPIOPadConfigGet                
0000172d  GPIOIntEnable                   
00001747  GPIOIntDisable                  
00001761  GPIOIntStatus                   
00001783  GPIOIntClear                    
00001797  GPIOIntRegister                 
000017b5  GPIOIntUnregister               
000017cf  GPIOPinRead                     
000017e7  GPIOPinWrite                    
00001807  GPIOPinTypeADC                  
0000182b  GPIOPinTypeCAN                  
0000184f  GPIOPinTypeComparator           
00001873  GPIOPinTypeEPI                  
00001897  GPIOPinTypeEthernetLED          
000018bb  GPIOPinTypeEthernetMII          
000018df  GPIOPinTypeGPIOInput            
00001903  GPIOPinTypeGPIOOutput           
00001927  GPIOPinTypeGPIOOutputOD         
0000194b  GPIOPinTypeI2C                  
0000196f  GPIOPinTypeI2CSCL               
00001993  GPIOPinTypeLCD                  
000019b7  GPIOPinTypeLPC                  
000019db  GPIOPinTypePECIRx               
000019ff  GPIOPinTypePECITx               
00001a23  GPIOPinTypePWM                  
00001a47  GPIOPinTypeQEI                  
00001a6b  GPIOPinTypeSSI                  
00001a8f  GPIOPinTypeTimer                
00001ab3  GPIOPinTypeUART                 
00001ad7  GPIOPinTypeUSBAnalog            
00001afb  GPIOPinTypeUSBDigital           
00001b1f  GPIOPinTypeWakeHigh             
00001b45  GPIOPinTypeWakeLow              
00001b6b  GPIOPinTypeKBRow                
00001b8f  GPIOPinTypeKBColumn             
00001bb3  GPIOPinTypeLEDSeq               
00001bd7  GPIOPinTypeCIR                  
00001bfb  GPIOPinWakeStatus               
00001c0b  GPIOPinConfigure                
00001c69  GPIODMATriggerEnable            
00001c87  GPIODMATriggerDisable           
00001ca5  GPIOADCTriggerEnable            
00001cc3  GPIOADCTriggerDisable           
00001ce9  SPI_transfer                    
00001d17  MFRC552_WriteReg                
00001d4d  MFRC552_ReadReg                 
00001d8b  MFRC552_SetBitMask              
00001db5  MFRC552_ClearBitMask            
00001ddf  MFRC552_AntennaOn               
00001dff  MFRC552_AntennaOff              
00001e0b  MFRC552_Reset                   
00001e17  MFRC552_Init                    
00001e5d  MFRC552_Request                 
00001ead  MFRC552_ToCard                  
00002065  MFRC552_Anticoll                
000020f5  MFRC552_CalulateCRC             
00002181  MFRC552_SelectTag               
0000220b  MFRC552_Auth                    
000022c3  MFRC552_ReadBlock               
00002317  MFRC552_WriteBlock              
000023ed  MFRC552_Halt                    
00002423  __aeabi_idiv0                   
00002423  __aeabi_ldiv0                   
00002483  UARTParityModeSet               
0000249f  UARTParityModeGet               
000024b1  UARTFIFOLevelSet                
000024c9  UARTFIFOLevelGet                
000024f1  UARTConfigSetExpClk             
00002567  UARTConfigGetExpClk             
000025b3  UARTEnable                      
000025d7  UARTDisable                     
00002601  UARTFIFOEnable                  
00002617  UARTFIFODisable                 
0000262d  UARTEnableSIR                   
0000265b  UARTDisableSIR                  
00002671  UARTSmartCardEnable             
000026a3  UARTSmartCardDisable            
000026b9  UARTModemControlSet             
000026f1  UARTModemControlClear           
00002715  UARTModemControlGet             
00002727  UARTModemStatusGet              
0000273b  UARTFlowControlSet              
00002757  UARTFlowControlGet              
00002769  UARTTxIntModeSet                
00002785  UARTTxIntModeGet                
00002797  UARTCharsAvail                  
000027b5  UARTSpaceAvail                  
000027d3  UARTCharGetNonBlocking          
000027ef  UARTCharGet                     
00002805  UARTCharPutNonBlocking          
00002829  UARTCharPut                     
00002847  UARTBreakCtl                    
00002871  UARTBusy                        
0000288f  UARTIntRegister                 
000028ad  UARTIntUnregister               
000028cd  UARTIntEnable                   
000028e5  UARTIntDisable                  
000028fd  UARTIntStatus                   
0000291b  UARTIntClear                    
0000292d  UARTDMAEnable                   
00002945  UARTDMADisable                  
0000295d  UARTRxErrorGet                  
0000296f  UARTRxErrorClear                
0000297f  UARTClockSourceSet              
00002993  UARTClockSourceGet              
000029a3  UART9BitEnable                  
000029b9  UART9BitDisable                 
000029cf  UART9BitAddrSet                 
000029f5  UART9BitAddrSend                
00002a3d  UARTStdioConfig                 
00002a83  UARTwrite                       
00002ac9  UARTgets                        
00002b83  UARTgetc                        
00002ba9  UARTvprintf                     
00002ea3  UARTprintf                      
00002edb  IntMasterEnable                 
00002eeb  IntMasterDisable                
00002efb  IntRegister                     
00002f4d  IntUnregister                   
00002f61  IntPriorityGroupingSet          
00002f7b  IntPriorityGroupingGet          
00002fb3  IntPrioritySet                  
00003003  IntPriorityGet                  
00003027  IntEnable                       
00003099  IntDisable                      
0000310b  IntIsEnabled                    
00003191  IntPendSet                      
00003201  IntPendClear                    
0000324f  IntPriorityMaskSet              
0000325b  IntPriorityMaskGet              
00003263  IntTrigger                      
00003299  InitConsole                     
000032d5  InitSSI                         
0000334b  main                            
00003495  initLeds                        
000034a7  dumpHex                         
0000364f  SSIConfigSetExpClk              
000036db  SSIEnable                       
000036f1  SSIDisable                      
00003707  SSIIntRegister                  
00003725  SSIIntUnregister                
0000373f  SSIIntEnable                    
00003757  SSIIntDisable                   
0000376f  SSIIntStatus                    
0000378d  SSIIntClear                     
0000379f  SSIDataPut                      
000037b9  SSIDataPutNonBlocking           
000037d9  SSIDataGet                      
000037f5  SSIDataGetNonBlocking           
00003817  SSIDMAEnable                    
0000382f  SSIDMADisable                   
00003847  SSIBusy                         
00003865  SSIClockSourceSet               
00003879  SSIClockSourceGet               
0000389d  SSIAdvModeSet                   
000038b9  SSIAdvDataPutFrameEnd           
000038df  SSIAdvDataPutFrameEndNonBlocking
0000390b  SSIAdvFrameHoldEnable           
00003921  SSIAdvFrameHoldDisable          
00003937  __aeabi_memcpy                  
00003937  __aeabi_memcpy4                 
00003937  __aeabi_memcpy8                 
00003937  memcpy                          
000039d3  __aeabi_memclr                  
000039d3  __aeabi_memclr4                 
000039d3  __aeabi_memclr8                 
000039d5  __aeabi_memset                  
000039d5  __aeabi_memset4                 
000039d5  __aeabi_memset8                 
000039db  memset                          
00003a4d  __TI_decompress_lzss            
00003ab5  __TI_auto_init_nobinit_nopinit  
00003af9  __aeabi_uidiv                   
00003af9  __aeabi_uidivmod                
00003b39  CPUcpsid                        
00003b45  CPUprimask                      
00003b4f  CPUcpsie                        
00003b5b  CPUwfi                          
00003b5f  CPUbasepriSet                   
00003b6d  CPUbasepriGet                   
00003b79  _c_int00_noargs                 
00003bad  memcmp                          
00003bd1  __TI_zero_init_nomemset         
00003bed  __TI_decompress_none            
00003bfb  ResetISR                        
00003c07  SysCtlDelay                     
00003c0d  _system_pre_init                
00003c11  C$$EXIT                         
00003c11  abort                           
000041e8  __TI_Handler_Table_Base         
000041f4  __TI_Handler_Table_Limit        
00004210  __TI_CINIT_Base                 
00004228  __TI_CINIT_Limit                
20000000  __start___llvm_prf_cnts         
20000000  __stop___llvm_prf_cnts          
20000000  g_pfnRAMVectors                 
20000270  __stack                         
20000470  __STACK_END                     
20000470  __STACK_TOP                     
20000470  str                             
20000480  cardID                          
20000488  AntennaGain                     
20000489  Version                         
2000048a  status                          
2000048c  storedCard                      
20000491  isLocked                        
ffffffff  __TI_pprof_out_hndl             
ffffffff  __TI_prof_data_size             
ffffffff  __TI_prof_data_start            
ffffffff  __binit__                       
ffffffff  __c_args__                      
ffffffff  binit                           
UNDEFED   __mpu_init                      
UNDEFED   _system_post_cinit              

[276 symbols]
