******************************************************************************
                  TI ARM Linker PC v20.2.7                     
******************************************************************************
>> Linked Sat Nov 30 00:43:14 2024

OUTPUT FILE NAME:   <rfid.2.out>
ENTRY POINT SYMBOL: "_c_int00_noargs"  address: 00003c5d


MEMORY CONFIGURATION

         name            origin    length      used     unused   attr    fill
----------------------  --------  ---------  --------  --------  ----  --------
  FLASH                 00000000   00040000  000042f8  0003bd08  R  X
  SRAM                  20000000   00008000  000004ac  00007b54  RW X


SEGMENT ALLOCATION MAP

run origin  load origin   length   init length attrs members
----------  ----------- ---------- ----------- ----- -------
00000000    00000000    000042f8   000042f8    r-x
  00000000    00000000    0000026c   0000026c    r-- .intvecs
  0000026c    0000026c    00003a7c   00003a7c    r-x .text
  00003ce8    00003ce8    000005d0   000005d0    r-- .const
  000042b8    000042b8    00000040   00000040    r-- .cinit
20000000    20000000    000004b1   00000000    rw-
  20000000    20000000    0000026c   00000000    rw- .vtable
  20000270    20000270    00000200   00000000    rw- .stack
  20000470    20000470    0000003b   00000000    rw- .bss
  200004ac    200004ac    00000005   00000000    rw- .data


SECTION ALLOCATION MAP

 output                                  attributes/
section   page    origin      length       input sections
--------  ----  ----------  ----------   ----------------
.intvecs   0    00000000    0000026c     
                  00000000    0000026c     tm4c123gh6pm_startup_ccs.obj (.intvecs)

.text      0    0000026c    00003a7c     
                  0000026c    00000ef4     sysctl.obj (.text)
                  00001160    00000b88     gpio.obj (.text)
                  00001ce8    0000073a     rfid.obj (.text)
                  00002422    00000002     rtsv7M4_T_le_v4SPD16_eabi.lib : div0.asm.obj (.text)
                  00002424    00000618     uart.obj (.text)
                  00002a3c    000004b4     main.obj (.text)
                  00002ef0    0000049c     uartstdio.obj (.text)
                  0000338c    000003c0     interrupt.obj (.text)
                  0000374c    00000346     ssi.obj (.text)
                  00003a92    0000009c     rtsv7M4_T_le_v4SPD16_eabi.lib : memcpy_t2.asm.obj (.text)
                  00003b2e    00000068                                   : copy_decompress_lzss.c.obj (.text:decompress:lzss:__TI_decompress_lzss)
                  00003b96    00000002     --HOLE-- [fill = 0]
                  00003b98    00000044                                   : autoinit.c.obj (.text:__TI_auto_init_nobinit_nopinit:__TI_auto_init_nobinit_nopinit)
                  00003bdc    00000040                                   : u_divt2.asm.obj (.text)
                  00003c1c    0000003e     cpu.obj (.text)
                  00003c5a    00000002     --HOLE-- [fill = 0]
                  00003c5c    00000034     rtsv7M4_T_le_v4SPD16_eabi.lib : boot_cortex_m.c.obj (.text:_c_int00_noargs:_c_int00_noargs)
                  00003c90    0000001c                                   : copy_zero_init.c.obj (.text:decompress:ZI:__TI_zero_init_nomemset:__TI_zero_init_nomemset)
                  00003cac    00000014                                   : strcpy.c.obj (.text:strcpy)
                  00003cc0    0000000e                                   : copy_decompress_none.c.obj (.text:decompress:none:__TI_decompress_none)
                  00003cce    0000000c     tm4c123gh6pm_startup_ccs.obj (.text)
                  00003cda    00000006     sysctl.obj (.text:SysCtlDelay)
                  00003ce0    00000004     rtsv7M4_T_le_v4SPD16_eabi.lib : pre_init.c.obj (.text:_system_pre_init)
                  00003ce4    00000004                                   : exit.c.obj (.text:abort:abort)

.const     0    00003ce8    000005d0     
                  00003ce8    00000120     sysctl.obj (.const:g_pppui32XTALtoVCO)
                  00003e08    000000c0     gpio.obj (.const:g_ppui32GPIOIntMapBlizzard)
                  00003ec8    000000c0     gpio.obj (.const:g_ppui32GPIOIntMapSnowflake)
                  00003f88    0000009c     interrupt.obj (.const:g_pui32Regs)
                  00004024    00000090     gpio.obj (.const:g_pui32GPIOBaseAddrs)
                  000040b4    0000006c     sysctl.obj (.const:g_pui32Xtals)
                  00004120    00000040     uart.obj (.const:g_ppui32UARTIntMap)
                  00004160    00000040     uart.obj (.const:g_ppui32UARTIntMapSnowflake)
                  000041a0    00000030     sysctl.obj (.const:g_sXTALtoMEMTIM)
                  000041d0    00000020     ssi.obj (.const:g_ppui32SSIIntMap)
                  000041f0    00000020     ssi.obj (.const:g_ppui32SSIIntMapSnowflake)
                  00004210    00000020     interrupt.obj (.const:g_pui32Priority)
                  00004230    00000014     interrupt.obj (.const:g_pui32Dii16Regs)
                  00004244    00000014     interrupt.obj (.const:g_pui32EnRegs)
                  00004258    00000014     interrupt.obj (.const:g_pui32PendRegs)
                  0000426c    00000014     interrupt.obj (.const:g_pui32UnpendRegs)
                  00004280    00000012     uartstdio.obj (.const:.string)
                  00004292    00000002     --HOLE-- [fill = 0]
                  00004294    0000000c     uartstdio.obj (.const:g_ui32UARTBase)
                  000042a0    0000000c     uartstdio.obj (.const:g_ui32UARTPeriph)
                  000042ac    00000008     sysctl.obj (.const:g_pui32VCOFrequencies)
                  000042b4    00000004     uartstdio.obj (.const)

.cinit     0    000042b8    00000040     
                  000042b8    0000000c     (__TI_handler_table)
                  000042c4    00000004     --HOLE-- [fill = 0]
                  000042c8    00000008     (.cinit..bss.load) [load image, compression = zero_init]
                  000042d0    00000008     (.cinit..vtable.load) [load image, compression = zero_init]
                  000042d8    00000007     (.cinit..data.load) [load image, compression = lzss]
                  000042df    00000001     --HOLE-- [fill = 0]
                  000042e0    00000018     (__TI_cinit_table)

.init_array 
*          0    00000000    00000000     UNINITIALIZED

.vtable    0    20000000    0000026c     UNINITIALIZED
                  20000000    0000026c     interrupt.obj (.vtable)

.bss       0    20000470    0000003b     UNINITIALIZED
                  20000470    00000010     (.common:RxData)
                  20000480    00000010     (.common:TxData)
                  20000490    00000010     (.common:str)
                  200004a0    00000008     (.common:cardID)
                  200004a8    00000001     (.common:AntennaGain)
                  200004a9    00000001     (.common:Version)
                  200004aa    00000001     (.common:status)

.data      0    200004ac    00000005     UNINITIALIZED
                  200004ac    00000005     uartstdio.obj (.data)

.stack     0    20000270    00000200     UNINITIALIZED
                  20000270    00000004     rtsv7M4_T_le_v4SPD16_eabi.lib : boot_cortex_m.c.obj (.stack)
                  20000274    000001fc     --HOLE--

__llvm_prf_cnts 
*          0    20000000    00000000     UNINITIALIZED

MODULE SUMMARY

       Module                         code    ro data   rw data
       ------                         ----    -------   -------
    .\
       sysctl.obj                     3834    452       0      
       gpio.obj                       2952    528       0      
       rfid.obj                       1850    0         0      
       interrupt.obj                  960     268       620    
       uart.obj                       1560    128       0      
       main.obj                       1204    0         59     
       uartstdio.obj                  1180    46        5      
       ssi.obj                        838     64        0      
       tm4c123gh6pm_startup_ccs.obj   12      620       0      
       cpu.obj                        62      0         0      
    +--+------------------------------+-------+---------+---------+
       Total:                         14452   2106      684    
                                                               
    C:\ti\ccs1271\ccs\tools\compiler\ti-cgt-arm_20.2.7.LTS\lib\rtsv7M4_T_le_v4SPD16_eabi.lib
       memcpy_t2.asm.obj              156     0         0      
       copy_decompress_lzss.c.obj     104     0         0      
       autoinit.c.obj                 68      0         0      
       u_divt2.asm.obj                64      0         0      
       boot_cortex_m.c.obj            52      0         0      
       copy_zero_init.c.obj           28      0         0      
       strcpy.c.obj                   20      0         0      
       copy_decompress_none.c.obj     14      0         0      
       exit.c.obj                     4       0         0      
       pre_init.c.obj                 4       0         0      
       div0.asm.obj                   2       0         0      
    +--+------------------------------+-------+---------+---------+
       Total:                         516     0         0      
                                                               
       Stack:                         0       0         512    
       Linker Generated:              0       59        0      
    +--+------------------------------+-------+---------+---------+
       Grand Total:                   14968   2165      1196   


LINKER GENERATED COPY TABLES

__TI_cinit_table @ 000042e0 records: 3, size/record: 8, table size: 24
	.bss: load addr=000042c8, load size=00000008 bytes, run addr=20000470, run size=0000003b bytes, compression=zero_init
	.vtable: load addr=000042d0, load size=00000008 bytes, run addr=20000000, run size=0000026c bytes, compression=zero_init
	.data: load addr=000042d8, load size=00000007 bytes, run addr=200004ac, run size=00000005 bytes, compression=lzss


LINKER GENERATED HANDLER TABLE

__TI_handler_table @ 000042b8 records: 3, size/record: 4, table size: 12
	index: 0, handler: __TI_zero_init
	index: 1, handler: __TI_decompress_lzss
	index: 2, handler: __TI_decompress_none


GLOBAL SYMBOLS: SORTED ALPHABETICALLY BY Name 

address   name                            
-------   ----                            
200004a8  AntennaGain                     
00003ce5  C$$EXIT                         
00003c51  CPUbasepriGet                   
00003c43  CPUbasepriSet                   
00003c1d  CPUcpsid                        
00003c33  CPUcpsie                        
00003c29  CPUprimask                      
00003c3f  CPUwfi                          
00001cc3  GPIOADCTriggerDisable           
00001ca5  GPIOADCTriggerEnable            
00001c87  GPIODMATriggerDisable           
00001c69  GPIODMATriggerEnable            
0000121b  GPIODirModeGet                  
000011bf  GPIODirModeSet                  
00001783  GPIOIntClear                    
00001747  GPIOIntDisable                  
0000172d  GPIOIntEnable                   
00001797  GPIOIntRegister                 
00001761  GPIOIntStatus                   
0000130b  GPIOIntTypeGet                  
00001267  GPIOIntTypeSet                  
000017b5  GPIOIntUnregister               
000015db  GPIOPadConfigGet                
000013a1  GPIOPadConfigSet                
00001c0b  GPIOPinConfigure                
000017cf  GPIOPinRead                     
00001807  GPIOPinTypeADC                  
0000182b  GPIOPinTypeCAN                  
00001bd7  GPIOPinTypeCIR                  
0000184f  GPIOPinTypeComparator           
00001873  GPIOPinTypeEPI                  
00001897  GPIOPinTypeEthernetLED          
000018bb  GPIOPinTypeEthernetMII          
000018df  GPIOPinTypeGPIOInput            
00001903  GPIOPinTypeGPIOOutput           
00001927  GPIOPinTypeGPIOOutputOD         
0000194b  GPIOPinTypeI2C                  
0000196f  GPIOPinTypeI2CSCL               
00001b8f  GPIOPinTypeKBColumn             
00001b6b  GPIOPinTypeKBRow                
00001993  GPIOPinTypeLCD                  
00001bb3  GPIOPinTypeLEDSeq               
000019b7  GPIOPinTypeLPC                  
000019db  GPIOPinTypePECIRx               
000019ff  GPIOPinTypePECITx               
00001a23  GPIOPinTypePWM                  
00001a47  GPIOPinTypeQEI                  
00001a6b  GPIOPinTypeSSI                  
00001a8f  GPIOPinTypeTimer                
00001ab3  GPIOPinTypeUART                 
00001ad7  GPIOPinTypeUSBAnalog            
00001afb  GPIOPinTypeUSBDigital           
00001b1f  GPIOPinTypeWakeHigh             
00001b45  GPIOPinTypeWakeLow              
00001bfb  GPIOPinWakeStatus               
000017e7  GPIOPinWrite                    
00002a3d  InitConsole                     
00002a79  InitSSI                         
0000354d  IntDisable                      
000034db  IntEnable                       
000035bf  IntIsEnabled                    
0000339f  IntMasterDisable                
0000338f  IntMasterEnable                 
000036b5  IntPendClear                    
00003645  IntPendSet                      
000034b7  IntPriorityGet                  
0000342f  IntPriorityGroupingGet          
00003415  IntPriorityGroupingSet          
0000370f  IntPriorityMaskGet              
00003703  IntPriorityMaskSet              
00003467  IntPrioritySet                  
000033af  IntRegister                     
00003717  IntTrigger                      
00003401  IntUnregister                   
00001dff  MFRC552_AntennaOff              
00001ddf  MFRC552_AntennaOn               
00002065  MFRC552_Anticoll                
0000220b  MFRC552_Auth                    
000020f5  MFRC552_CalulateCRC             
00001db5  MFRC552_ClearBitMask            
000023ed  MFRC552_Halt                    
00001e17  MFRC552_Init                    
000022c3  MFRC552_ReadBlock               
00001d4d  MFRC552_ReadReg                 
00001e5d  MFRC552_Request                 
00001e0b  MFRC552_Reset                   
00002181  MFRC552_SelectTag               
00001d8b  MFRC552_SetBitMask              
00001ead  MFRC552_ToCard                  
00002317  MFRC552_WriteBlock              
00001d17  MFRC552_WriteReg                
00003ccf  ResetISR                        
20000470  RxData                          
00001ce9  SPI_transfer                    
00003a15  SSIAdvDataPutFrameEnd           
00003a3b  SSIAdvDataPutFrameEndNonBlocking
00003a7d  SSIAdvFrameHoldDisable          
00003a67  SSIAdvFrameHoldEnable           
000039f9  SSIAdvModeSet                   
000039a3  SSIBusy                         
000039d5  SSIClockSourceGet               
000039c1  SSIClockSourceSet               
000037ab  SSIConfigSetExpClk              
0000398b  SSIDMADisable                   
00003973  SSIDMAEnable                    
00003935  SSIDataGet                      
00003951  SSIDataGetNonBlocking           
000038fb  SSIDataPut                      
00003915  SSIDataPutNonBlocking           
0000384d  SSIDisable                      
00003837  SSIEnable                       
000038e9  SSIIntClear                     
000038b3  SSIIntDisable                   
0000389b  SSIIntEnable                    
00003863  SSIIntRegister                  
000038cb  SSIIntStatus                    
00003881  SSIIntUnregister                
000010ff  SysCtlAltClkConfig              
000008d5  SysCtlClockFreqSet              
00000db9  SysCtlClockGet                  
000010e3  SysCtlClockOutConfig            
00000bed  SysCtlClockSet                  
000007d5  SysCtlDeepSleep                 
00000f85  SysCtlDeepSleepClockConfigSet   
00000f67  SysCtlDeepSleepClockSet         
000007b5  SysCtlDeepSleepPowerSet         
00003cdb  SysCtlDelay                     
00000363  SysCtlFlashSectorSizeGet        
00000337  SysCtlFlashSizeGet              
0000105b  SysCtlGPIOAHBDisable            
0000103f  SysCtlGPIOAHBEnable             
00000749  SysCtlIntClear                  
00000731  SysCtlIntDisable                
0000071d  SysCtlIntEnable                 
000006f5  SysCtlIntRegister               
00000759  SysCtlIntStatus                 
0000070d  SysCtlIntUnregister             
0000079b  SysCtlLDODeepSleepGet           
0000078b  SysCtlLDODeepSleepSet           
00000785  SysCtlLDOSleepGet               
00000775  SysCtlLDOSleepSet               
0000080b  SysCtlMOSCConfigSet             
000010cf  SysCtlNMIClear                  
000010c9  SysCtlNMIStatus                 
00000821  SysCtlPIOSCCalibrate            
00001029  SysCtlPWMClockGet               
0000100f  SysCtlPWMClockSet               
000006a1  SysCtlPeripheralClockGating     
00000659  SysCtlPeripheralDeepSleepDisable
00000609  SysCtlPeripheralDeepSleepEnable 
00000545  SysCtlPeripheralDisable         
00000509  SysCtlPeripheralEnable          
00000445  SysCtlPeripheralPowerOff        
00000409  SysCtlPeripheralPowerOn         
00000389  SysCtlPeripheralPresent         
000003c9  SysCtlPeripheralReady           
00000481  SysCtlPeripheralReset           
000005cd  SysCtlPeripheralSleepDisable    
00000589  SysCtlPeripheralSleepEnable     
000007c5  SysCtlReset                     
00000881  SysCtlResetBehaviorGet          
00000871  SysCtlResetBehaviorSet          
000007f7  SysCtlResetCauseClear           
000007f1  SysCtlResetCauseGet             
0000032d  SysCtlSRAMSizeGet               
000007cd  SysCtlSleep                     
000007a1  SysCtlSleepPowerSet             
00001089  SysCtlUSBPLLDisable             
00001077  SysCtlUSBPLLEnable              
000010b5  SysCtlVoltageEventClear         
00001099  SysCtlVoltageEventConfig        
000010a9  SysCtlVoltageEventStatus        
20000480  TxData                          
000029f5  UART9BitAddrSend                
000029cf  UART9BitAddrSet                 
000029b9  UART9BitDisable                 
000029a3  UART9BitEnable                  
00002847  UARTBreakCtl                    
00002871  UARTBusy                        
000027ef  UARTCharGet                     
000027d3  UARTCharGetNonBlocking          
00002829  UARTCharPut                     
00002805  UARTCharPutNonBlocking          
00002797  UARTCharsAvail                  
00002993  UARTClockSourceGet              
0000297f  UARTClockSourceSet              
00002567  UARTConfigGetExpClk             
000024f1  UARTConfigSetExpClk             
00002945  UARTDMADisable                  
0000292d  UARTDMAEnable                   
000025d7  UARTDisable                     
0000265b  UARTDisableSIR                  
000025b3  UARTEnable                      
0000262d  UARTEnableSIR                   
00002617  UARTFIFODisable                 
00002601  UARTFIFOEnable                  
000024c9  UARTFIFOLevelGet                
000024b1  UARTFIFOLevelSet                
00002757  UARTFlowControlGet              
0000273b  UARTFlowControlSet              
0000291b  UARTIntClear                    
000028e5  UARTIntDisable                  
000028cd  UARTIntEnable                   
0000288f  UARTIntRegister                 
000028fd  UARTIntStatus                   
000028ad  UARTIntUnregister               
000026f1  UARTModemControlClear           
00002715  UARTModemControlGet             
000026b9  UARTModemControlSet             
00002727  UARTModemStatusGet              
0000249f  UARTParityModeGet               
00002483  UARTParityModeSet               
0000296f  UARTRxErrorClear                
0000295d  UARTRxErrorGet                  
000026a3  UARTSmartCardDisable            
00002671  UARTSmartCardEnable             
000027b5  UARTSpaceAvail                  
00002ef1  UARTStdioConfig                 
00002785  UARTTxIntModeGet                
00002769  UARTTxIntModeSet                
00003037  UARTgetc                        
00002f7d  UARTgets                        
00003357  UARTprintf                      
0000305d  UARTvprintf                     
00002f37  UARTwrite                       
200004a9  Version                         
20000470  __STACK_END                     
00000200  __STACK_SIZE                    
20000470  __STACK_TOP                     
000042e0  __TI_CINIT_Base                 
000042f8  __TI_CINIT_Limit                
000042b8  __TI_Handler_Table_Base         
000042c4  __TI_Handler_Table_Limit        
00003b99  __TI_auto_init_nobinit_nopinit  
00003b2f  __TI_decompress_lzss            
00003cc1  __TI_decompress_none            
ffffffff  __TI_pprof_out_hndl             
ffffffff  __TI_prof_data_size             
ffffffff  __TI_prof_data_start            
00000000  __TI_static_base__              
00003c91  __TI_zero_init_nomemset         
00002423  __aeabi_idiv0                   
00002423  __aeabi_ldiv0                   
00003a93  __aeabi_memcpy                  
00003a93  __aeabi_memcpy4                 
00003a93  __aeabi_memcpy8                 
00003bdd  __aeabi_uidiv                   
00003bdd  __aeabi_uidivmod                
ffffffff  __binit__                       
ffffffff  __c_args__                      
UNDEFED   __mpu_init                      
20000270  __stack                         
20000000  __start___llvm_prf_cnts         
20000000  __stop___llvm_prf_cnts          
00003c5d  _c_int00_noargs                 
UNDEFED   _system_post_cinit              
00003ce1  _system_pre_init                
00003ce5  abort                           
ffffffff  binit                           
200004a0  cardID                          
00002d7d  dumpHex                         
20000000  g_pfnRAMVectors                 
00000000  g_pfnVectors                    
00002d61  initLeds                        
00002b25  main                            
00003a93  memcpy                          
200004aa  status                          
20000490  str                             
00003cad  strcpy                          


GLOBAL SYMBOLS: SORTED BY Symbol Address 

address   name                            
-------   ----                            
00000000  __TI_static_base__              
00000000  g_pfnVectors                    
00000200  __STACK_SIZE                    
0000032d  SysCtlSRAMSizeGet               
00000337  SysCtlFlashSizeGet              
00000363  SysCtlFlashSectorSizeGet        
00000389  SysCtlPeripheralPresent         
000003c9  SysCtlPeripheralReady           
00000409  SysCtlPeripheralPowerOn         
00000445  SysCtlPeripheralPowerOff        
00000481  SysCtlPeripheralReset           
00000509  SysCtlPeripheralEnable          
00000545  SysCtlPeripheralDisable         
00000589  SysCtlPeripheralSleepEnable     
000005cd  SysCtlPeripheralSleepDisable    
00000609  SysCtlPeripheralDeepSleepEnable 
00000659  SysCtlPeripheralDeepSleepDisable
000006a1  SysCtlPeripheralClockGating     
000006f5  SysCtlIntRegister               
0000070d  SysCtlIntUnregister             
0000071d  SysCtlIntEnable                 
00000731  SysCtlIntDisable                
00000749  SysCtlIntClear                  
00000759  SysCtlIntStatus                 
00000775  SysCtlLDOSleepSet               
00000785  SysCtlLDOSleepGet               
0000078b  SysCtlLDODeepSleepSet           
0000079b  SysCtlLDODeepSleepGet           
000007a1  SysCtlSleepPowerSet             
000007b5  SysCtlDeepSleepPowerSet         
000007c5  SysCtlReset                     
000007cd  SysCtlSleep                     
000007d5  SysCtlDeepSleep                 
000007f1  SysCtlResetCauseGet             
000007f7  SysCtlResetCauseClear           
0000080b  SysCtlMOSCConfigSet             
00000821  SysCtlPIOSCCalibrate            
00000871  SysCtlResetBehaviorSet          
00000881  SysCtlResetBehaviorGet          
000008d5  SysCtlClockFreqSet              
00000bed  SysCtlClockSet                  
00000db9  SysCtlClockGet                  
00000f67  SysCtlDeepSleepClockSet         
00000f85  SysCtlDeepSleepClockConfigSet   
0000100f  SysCtlPWMClockSet               
00001029  SysCtlPWMClockGet               
0000103f  SysCtlGPIOAHBEnable             
0000105b  SysCtlGPIOAHBDisable            
00001077  SysCtlUSBPLLEnable              
00001089  SysCtlUSBPLLDisable             
00001099  SysCtlVoltageEventConfig        
000010a9  SysCtlVoltageEventStatus        
000010b5  SysCtlVoltageEventClear         
000010c9  SysCtlNMIStatus                 
000010cf  SysCtlNMIClear                  
000010e3  SysCtlClockOutConfig            
000010ff  SysCtlAltClkConfig              
000011bf  GPIODirModeSet                  
0000121b  GPIODirModeGet                  
00001267  GPIOIntTypeSet                  
0000130b  GPIOIntTypeGet                  
000013a1  GPIOPadConfigSet                
000015db  GPIOPadConfigGet                
0000172d  GPIOIntEnable                   
00001747  GPIOIntDisable                  
00001761  GPIOIntStatus                   
00001783  GPIOIntClear                    
00001797  GPIOIntRegister                 
000017b5  GPIOIntUnregister               
000017cf  GPIOPinRead                     
000017e7  GPIOPinWrite                    
00001807  GPIOPinTypeADC                  
0000182b  GPIOPinTypeCAN                  
0000184f  GPIOPinTypeComparator           
00001873  GPIOPinTypeEPI                  
00001897  GPIOPinTypeEthernetLED          
000018bb  GPIOPinTypeEthernetMII          
000018df  GPIOPinTypeGPIOInput            
00001903  GPIOPinTypeGPIOOutput           
00001927  GPIOPinTypeGPIOOutputOD         
0000194b  GPIOPinTypeI2C                  
0000196f  GPIOPinTypeI2CSCL               
00001993  GPIOPinTypeLCD                  
000019b7  GPIOPinTypeLPC                  
000019db  GPIOPinTypePECIRx               
000019ff  GPIOPinTypePECITx               
00001a23  GPIOPinTypePWM                  
00001a47  GPIOPinTypeQEI                  
00001a6b  GPIOPinTypeSSI                  
00001a8f  GPIOPinTypeTimer                
00001ab3  GPIOPinTypeUART                 
00001ad7  GPIOPinTypeUSBAnalog            
00001afb  GPIOPinTypeUSBDigital           
00001b1f  GPIOPinTypeWakeHigh             
00001b45  GPIOPinTypeWakeLow              
00001b6b  GPIOPinTypeKBRow                
00001b8f  GPIOPinTypeKBColumn             
00001bb3  GPIOPinTypeLEDSeq               
00001bd7  GPIOPinTypeCIR                  
00001bfb  GPIOPinWakeStatus               
00001c0b  GPIOPinConfigure                
00001c69  GPIODMATriggerEnable            
00001c87  GPIODMATriggerDisable           
00001ca5  GPIOADCTriggerEnable            
00001cc3  GPIOADCTriggerDisable           
00001ce9  SPI_transfer                    
00001d17  MFRC552_WriteReg                
00001d4d  MFRC552_ReadReg                 
00001d8b  MFRC552_SetBitMask              
00001db5  MFRC552_ClearBitMask            
00001ddf  MFRC552_AntennaOn               
00001dff  MFRC552_AntennaOff              
00001e0b  MFRC552_Reset                   
00001e17  MFRC552_Init                    
00001e5d  MFRC552_Request                 
00001ead  MFRC552_ToCard                  
00002065  MFRC552_Anticoll                
000020f5  MFRC552_CalulateCRC             
00002181  MFRC552_SelectTag               
0000220b  MFRC552_Auth                    
000022c3  MFRC552_ReadBlock               
00002317  MFRC552_WriteBlock              
000023ed  MFRC552_Halt                    
00002423  __aeabi_idiv0                   
00002423  __aeabi_ldiv0                   
00002483  UARTParityModeSet               
0000249f  UARTParityModeGet               
000024b1  UARTFIFOLevelSet                
000024c9  UARTFIFOLevelGet                
000024f1  UARTConfigSetExpClk             
00002567  UARTConfigGetExpClk             
000025b3  UARTEnable                      
000025d7  UARTDisable                     
00002601  UARTFIFOEnable                  
00002617  UARTFIFODisable                 
0000262d  UARTEnableSIR                   
0000265b  UARTDisableSIR                  
00002671  UARTSmartCardEnable             
000026a3  UARTSmartCardDisable            
000026b9  UARTModemControlSet             
000026f1  UARTModemControlClear           
00002715  UARTModemControlGet             
00002727  UARTModemStatusGet              
0000273b  UARTFlowControlSet              
00002757  UARTFlowControlGet              
00002769  UARTTxIntModeSet                
00002785  UARTTxIntModeGet                
00002797  UARTCharsAvail                  
000027b5  UARTSpaceAvail                  
000027d3  UARTCharGetNonBlocking          
000027ef  UARTCharGet                     
00002805  UARTCharPutNonBlocking          
00002829  UARTCharPut                     
00002847  UARTBreakCtl                    
00002871  UARTBusy                        
0000288f  UARTIntRegister                 
000028ad  UARTIntUnregister               
000028cd  UARTIntEnable                   
000028e5  UARTIntDisable                  
000028fd  UARTIntStatus                   
0000291b  UARTIntClear                    
0000292d  UARTDMAEnable                   
00002945  UARTDMADisable                  
0000295d  UARTRxErrorGet                  
0000296f  UARTRxErrorClear                
0000297f  UARTClockSourceSet              
00002993  UARTClockSourceGet              
000029a3  UART9BitEnable                  
000029b9  UART9BitDisable                 
000029cf  UART9BitAddrSet                 
000029f5  UART9BitAddrSend                
00002a3d  InitConsole                     
00002a79  InitSSI                         
00002b25  main                            
00002d61  initLeds                        
00002d7d  dumpHex                         
00002ef1  UARTStdioConfig                 
00002f37  UARTwrite                       
00002f7d  UARTgets                        
00003037  UARTgetc                        
0000305d  UARTvprintf                     
00003357  UARTprintf                      
0000338f  IntMasterEnable                 
0000339f  IntMasterDisable                
000033af  IntRegister                     
00003401  IntUnregister                   
00003415  IntPriorityGroupingSet          
0000342f  IntPriorityGroupingGet          
00003467  IntPrioritySet                  
000034b7  IntPriorityGet                  
000034db  IntEnable                       
0000354d  IntDisable                      
000035bf  IntIsEnabled                    
00003645  IntPendSet                      
000036b5  IntPendClear                    
00003703  IntPriorityMaskSet              
0000370f  IntPriorityMaskGet              
00003717  IntTrigger                      
000037ab  SSIConfigSetExpClk              
00003837  SSIEnable                       
0000384d  SSIDisable                      
00003863  SSIIntRegister                  
00003881  SSIIntUnregister                
0000389b  SSIIntEnable                    
000038b3  SSIIntDisable                   
000038cb  SSIIntStatus                    
000038e9  SSIIntClear                     
000038fb  SSIDataPut                      
00003915  SSIDataPutNonBlocking           
00003935  SSIDataGet                      
00003951  SSIDataGetNonBlocking           
00003973  SSIDMAEnable                    
0000398b  SSIDMADisable                   
000039a3  SSIBusy                         
000039c1  SSIClockSourceSet               
000039d5  SSIClockSourceGet               
000039f9  SSIAdvModeSet                   
00003a15  SSIAdvDataPutFrameEnd           
00003a3b  SSIAdvDataPutFrameEndNonBlocking
00003a67  SSIAdvFrameHoldEnable           
00003a7d  SSIAdvFrameHoldDisable          
00003a93  __aeabi_memcpy                  
00003a93  __aeabi_memcpy4                 
00003a93  __aeabi_memcpy8                 
00003a93  memcpy                          
00003b2f  __TI_decompress_lzss            
00003b99  __TI_auto_init_nobinit_nopinit  
00003bdd  __aeabi_uidiv                   
00003bdd  __aeabi_uidivmod                
00003c1d  CPUcpsid                        
00003c29  CPUprimask                      
00003c33  CPUcpsie                        
00003c3f  CPUwfi                          
00003c43  CPUbasepriSet                   
00003c51  CPUbasepriGet                   
00003c5d  _c_int00_noargs                 
00003c91  __TI_zero_init_nomemset         
00003cad  strcpy                          
00003cc1  __TI_decompress_none            
00003ccf  ResetISR                        
00003cdb  SysCtlDelay                     
00003ce1  _system_pre_init                
00003ce5  C$$EXIT                         
00003ce5  abort                           
000042b8  __TI_Handler_Table_Base         
000042c4  __TI_Handler_Table_Limit        
000042e0  __TI_CINIT_Base                 
000042f8  __TI_CINIT_Limit                
20000000  __start___llvm_prf_cnts         
20000000  __stop___llvm_prf_cnts          
20000000  g_pfnRAMVectors                 
20000270  __stack                         
20000470  RxData                          
20000470  __STACK_END                     
20000470  __STACK_TOP                     
20000480  TxData                          
20000490  str                             
200004a0  cardID                          
200004a8  AntennaGain                     
200004a9  Version                         
200004aa  status                          
ffffffff  __TI_pprof_out_hndl             
ffffffff  __TI_prof_data_size             
ffffffff  __TI_prof_data_start            
ffffffff  __binit__                       
ffffffff  __c_args__                      
ffffffff  binit                           
UNDEFED   __mpu_init                      
UNDEFED   _system_post_cinit              

[269 symbols]
